<root>
        <value>Hi</value>
        <array>
                <item>
                            1
                </item>
                <item>
                            2
                </item>
                <item>
                            3
                </item>

        </array>
        <nestedObject>
                    <property>Hello World!</property>
                    <arrayProperty>
                            <item>
                                        ArrayValue1
                            </item>
                            <item>
                                        ArrayValue2
                            </item>

                    </arrayProperty>

        </nestedObject>

</root>