<root>
    <item>
                Hello
    </item>
    <item>
                World
    </item>
    <item>
                !
    </item>

</root>