<root>
    <item>
                1.25
    </item>
    <item>
                0.3
    </item>
    <item>
                0.0
    </item>
    <item>
                3.141592653589793
    </item>

</root>