<double type="Double">
        3.141592653589793
</double>