<array type="Array" elementType="Int">
    <item type="Int">
                1
    </item>
    <item type="Int">
                2
    </item>
    <item type="Int">
                3
    </item>
    <item type="Int">
                4
    </item>
    <item type="Int">
                5
    </item>

</array>