<string type="String" elementType="Character">
        Hello world!
</string>